------------------------------------------------------------
Timing Analyzer Summary
------------------------------------------------------------

Type  : Slow 1100mV 85C Model Setup 'clk'
Slack : -2.336
TNS   : -11.888

Type  : Slow 1100mV 85C Model Hold 'clk'
Slack : 0.864
TNS   : 0.000

Type  : Slow 1100mV 85C Model Minimum Pulse Width 'clk'
Slack : -0.724
TNS   : -6.726

Type  : Slow 1100mV 0C Model Setup 'clk'
Slack : -2.563
TNS   : -12.740

Type  : Slow 1100mV 0C Model Hold 'clk'
Slack : 0.822
TNS   : 0.000

Type  : Slow 1100mV 0C Model Minimum Pulse Width 'clk'
Slack : -0.724
TNS   : -6.774

Type  : Fast 1100mV 85C Model Setup 'clk'
Slack : -0.345
TNS   : -1.115

Type  : Fast 1100mV 85C Model Hold 'clk'
Slack : 0.363
TNS   : 0.000

Type  : Fast 1100mV 85C Model Minimum Pulse Width 'clk'
Slack : -0.073
TNS   : -0.434

Type  : Fast 1100mV 0C Model Setup 'clk'
Slack : -0.285
TNS   : -0.873

Type  : Fast 1100mV 0C Model Hold 'clk'
Slack : 0.330
TNS   : 0.000

Type  : Fast 1100mV 0C Model Minimum Pulse Width 'clk'
Slack : -0.076
TNS   : -0.452

------------------------------------------------------------
